<?xml version="1.0" encoding="UTF-8"?>
<TestRun id="09b50b9a-be51-459b-992d-fa3d5fb3c8aa" name="coyot@MORPHEUS 2010-05-30 15:55:51" runUser="Morpheus\coyot" xmlns="http://microsoft.com/schemas/VisualStudio/TeamTest/2006">
  <TestRunConfiguration name="Local Test Run" id="1983e1a9-68c7-41e2-a4f5-1b3921e43e33">
    <Description>This is a default test run configuration for a local test run.</Description>
    <Deployment runDeploymentRoot="D:\MGR\aCuda\src\aCuda\aCudaResearch\TestResults\coyot_MORPHEUS 2010-05-30 15_55_51" />
    <TestTypeSpecific />
  </TestRunConfiguration>
  <ResultSummary outcome="Completed">
    <Counters total="1" executed="1" passed="1" error="0" failed="0" timeout="0" aborted="0" inconclusive="0" passedButRunAborted="0" notRunnable="0" notExecuted="0" disconnected="0" warning="0" completed="0" inProgress="0" pending="0" />
  </ResultSummary>
  <Times creation="2010-05-30T15:55:51.9937521+02:00" queuing="2010-05-30T15:55:57.1010442+02:00" start="2010-05-30T15:55:57.4850662+02:00" finish="2010-05-30T15:55:58.5221255+02:00" />
  <TestDefinitions>
    <UnitTest name="TestMethod1" storage="d:\mgr\acuda\src\acuda\acudaresearch\acudaresearchtest\bin\debug\acudaresearchtest.dll" id="57685a0e-cdad-7e4e-9d60-789d253d28ae">
      <Css projectStructure="" iteration="" />
      <Owners>
        <Owner name="" />
      </Owners>
      <Execution id="0042c1cf-4f23-49a9-9636-b56d413e7d80" />
      <TestMethod codeBase="D:\MGR\aCuda\src\aCuda\aCudaResearch\aCudaResearchTest\bin\Debug\aCudaResearchTest.dll" adapterTypeName="Microsoft.VisualStudio.TestTools.TestTypes.Unit.UnitTestAdapter, Microsoft.VisualStudio.QualityTools.Tips.UnitTest.Adapter, Version=9.0.0.0, Culture=neutral, PublicKeyToken=b03f5f7f11d50a3a" className="aCudaResearchTest.UnitTest1, aCudaResearchTest" name="TestMethod1" />
    </UnitTest>
  </TestDefinitions>
  <TestLists>
    <TestList name="Results Not in a List" id="8c84fa94-04c1-424b-9868-57a2d4851a1d" />
    <TestList name="All Loaded Results" id="19431567-8539-422a-85d7-44ee4e166bda" />
  </TestLists>
  <TestEntries>
    <TestEntry testId="57685a0e-cdad-7e4e-9d60-789d253d28ae" executionId="0042c1cf-4f23-49a9-9636-b56d413e7d80" testListId="8c84fa94-04c1-424b-9868-57a2d4851a1d" />
  </TestEntries>
  <Results>
    <UnitTestResult executionId="0042c1cf-4f23-49a9-9636-b56d413e7d80" testId="57685a0e-cdad-7e4e-9d60-789d253d28ae" testName="TestMethod1" computerName="MORPHEUS" duration="00:00:00.0092029" startTime="2010-05-30T15:55:57.6570760+02:00" endTime="2010-05-30T15:55:58.2951125+02:00" testType="13cdc9d9-ddb5-4fa4-a97d-d965ccfc6d4b" outcome="Passed" testListId="8c84fa94-04c1-424b-9868-57a2d4851a1d">
      <Output>
      </Output>
    </UnitTestResult>
  </Results>
</TestRun>